I'm sorry, but errors were detected in your script. Please correct the
errors listed below, and try again.


File "game/script.rpy", line 23: expected 'word' not found.
    define \n = Character(what_italic=True)
           ^

Ren'Py Version: Ren'Py 7.3.2.320
Fri Aug 02 01:30:00 2019
